<!doctype html public "-//w3c//dtd html 4.0 transitional//en">
<html><head>
<title>Static Call Graph - [.\rvmdk\blinky.axf]</title></head>
<body><HR>
<H1>Static Call Graph for image .\rvmdk\blinky.axf</H1><HR>
<BR><P>#&#060CALLGRAPH&#062# ARM Linker, 5060422: Last Updated: Fri Jun 08 10:49:15 2018
<BR><P>
<H3>Maximum Stack Usage =         44 bytes + Unknown(Functions without stacksize, Cycles, Untraceable Function Pointers)</H3><H3>
Call chain for Maximum Stack Depth:</H3>
UARTIntHandlerHMI &rArr; strstr
<P>
<H3>
Functions with no stack information
</H3><UL>
 <LI><a href="#[9]">Reset_Handler</a>
 <LI><a href="#[1]">NmiSR</a>
 <LI><a href="#[2]">FaultISR</a>
 <LI><a href="#[3]">IntDefaultHandler</a>
</UL>
</UL>
<P>
<H3>
Mutually Recursive functions
</H3> <LI><a href="#[32]">UARTCharGet</a>&nbsp;&nbsp;&nbsp;&rArr;&nbsp;&nbsp;&nbsp;<a href="#[32]">UARTCharGet</a><BR>
 <LI><a href="#[d]">SysCtlDelay</a>&nbsp;&nbsp;&nbsp;&rArr;&nbsp;&nbsp;&nbsp;<a href="#[d]">SysCtlDelay</a><BR>
 <LI><a href="#[1f]">UARTConfigSetExpClk</a>&nbsp;&nbsp;&nbsp;&rArr;&nbsp;&nbsp;&nbsp;<a href="#[1f]">UARTConfigSetExpClk</a><BR>
 <LI><a href="#[1]">NmiSR</a>&nbsp;&nbsp;&nbsp;&rArr;&nbsp;&nbsp;&nbsp;<a href="#[1]">NmiSR</a><BR>
 <LI><a href="#[2]">FaultISR</a>&nbsp;&nbsp;&nbsp;&rArr;&nbsp;&nbsp;&nbsp;<a href="#[2]">FaultISR</a><BR>
 <LI><a href="#[3]">IntDefaultHandler</a>&nbsp;&nbsp;&nbsp;&rArr;&nbsp;&nbsp;&nbsp;<a href="#[3]">IntDefaultHandler</a><BR>
</UL>
<P>
<H3>
Function Pointers
</H3><UL>
 <LI><a href="#[2]">FaultISR</a> from startup_rvmdk.o(RESET) referenced from startup_rvmdk.o(RESET)
 <LI><a href="#[3]">IntDefaultHandler</a> from startup_rvmdk.o(RESET) referenced 111 times from startup_rvmdk.o(RESET)
 <LI><a href="#[1]">NmiSR</a> from startup_rvmdk.o(RESET) referenced from startup_rvmdk.o(RESET)
 <LI><a href="#[9]">Reset_Handler</a> from startup_rvmdk.o(RESET) referenced from startup_rvmdk.o(RESET)
 <LI><a href="#[5]">UARTIntHandlerHMI</a> from blinky.o(i.UARTIntHandlerHMI) referenced from startup_rvmdk.o(RESET)
 <LI><a href="#[6]">UARTIntHandlerUNO</a> from blinky.o(i.UARTIntHandlerUNO) referenced from startup_rvmdk.o(RESET)
 <LI><a href="#[4]">UARTIntHandlerUSB</a> from blinky.o(i.UARTIntHandlerUSB) referenced from startup_rvmdk.o(RESET)
 <LI><a href="#[8]">_sputc</a> from printf1.o(i._sputc) referenced from printf1.o(i.__0sprintf$1)
 <LI><a href="#[7]">main</a> from blinky.o(i.main) referenced from entry9a.o(.ARM.Collect$$$$0000000B)
</UL>
<P>
<H3>
Global Symbols
</H3>
<P><STRONG><a name="[9]"></a>Reset_Handler</STRONG> (Thumb, 0 bytes, Stack size unknown bytes, startup_rvmdk.o(RESET))
<BR><BR>[Calls]<UL><LI><a href="#[a]">&gt;&gt;</a>&nbsp;&nbsp;&nbsp;__main
</UL>

<P><STRONG><a name="[a]"></a>__main</STRONG> (Thumb, 0 bytes, Stack size unknown bytes, entry.o(.ARM.Collect$$$$00000000))
<BR><BR>[Called By]<UL><LI><a href="#[9]">&gt;&gt;</a>&nbsp;&nbsp;&nbsp;Reset_Handler
</UL>

<P><STRONG><a name="[43]"></a>_main_stk</STRONG> (Thumb, 0 bytes, Stack size unknown bytes, entry2.o(.ARM.Collect$$$$00000001))

<P><STRONG><a name="[b]"></a>_main_scatterload</STRONG> (Thumb, 0 bytes, Stack size unknown bytes, entry5.o(.ARM.Collect$$$$00000004))
<BR><BR>[Calls]<UL><LI><a href="#[c]">&gt;&gt;</a>&nbsp;&nbsp;&nbsp;__scatterload
</UL>

<P><STRONG><a name="[e]"></a>__main_after_scatterload</STRONG> (Thumb, 0 bytes, Stack size unknown bytes, entry5.o(.ARM.Collect$$$$00000004))
<BR><BR>[Called By]<UL><LI><a href="#[c]">&gt;&gt;</a>&nbsp;&nbsp;&nbsp;__scatterload
</UL>

<P><STRONG><a name="[44]"></a>_main_clock</STRONG> (Thumb, 0 bytes, Stack size unknown bytes, entry7b.o(.ARM.Collect$$$$00000008))

<P><STRONG><a name="[45]"></a>_main_cpp_init</STRONG> (Thumb, 0 bytes, Stack size unknown bytes, entry8b.o(.ARM.Collect$$$$0000000A))

<P><STRONG><a name="[46]"></a>_main_init</STRONG> (Thumb, 0 bytes, Stack size unknown bytes, entry9a.o(.ARM.Collect$$$$0000000B))

<P><STRONG><a name="[47]"></a>__rt_final_cpp</STRONG> (Thumb, 0 bytes, Stack size unknown bytes, entry10a.o(.ARM.Collect$$$$0000000D))

<P><STRONG><a name="[48]"></a>__rt_final_exit</STRONG> (Thumb, 0 bytes, Stack size unknown bytes, entry11a.o(.ARM.Collect$$$$0000000F))

<P><STRONG><a name="[d]"></a>SysCtlDelay</STRONG> (Thumb, 6 bytes, Stack size 0 bytes, sysctl.o(.emb_text))
<BR><BR>[Calls]<UL><LI><a href="#[d]">&gt;&gt;</a>&nbsp;&nbsp;&nbsp;SysCtlDelay
</UL>
<BR>[Called By]<UL><LI><a href="#[d]">&gt;&gt;</a>&nbsp;&nbsp;&nbsp;SysCtlDelay
<LI><a href="#[30]">&gt;&gt;</a>&nbsp;&nbsp;&nbsp;SysCtlClockSet
</UL>

<P><STRONG><a name="[49]"></a>CPUcpsid</STRONG> (Thumb, 8 bytes, Stack size 0 bytes, cpu.o(.emb_text), UNUSED)

<P><STRONG><a name="[4a]"></a>CPUprimask</STRONG> (Thumb, 6 bytes, Stack size 0 bytes, cpu.o(.emb_text), UNUSED)

<P><STRONG><a name="[26]"></a>CPUcpsie</STRONG> (Thumb, 8 bytes, Stack size 0 bytes, cpu.o(.emb_text))
<BR><BR>[Called By]<UL><LI><a href="#[22]">&gt;&gt;</a>&nbsp;&nbsp;&nbsp;IntMasterEnable
</UL>

<P><STRONG><a name="[4b]"></a>CPUwfi</STRONG> (Thumb, 4 bytes, Stack size 0 bytes, cpu.o(.emb_text), UNUSED)

<P><STRONG><a name="[4c]"></a>CPUbasepriSet</STRONG> (Thumb, 6 bytes, Stack size 0 bytes, cpu.o(.emb_text), UNUSED)

<P><STRONG><a name="[4d]"></a>CPUbasepriGet</STRONG> (Thumb, 6 bytes, Stack size 0 bytes, cpu.o(.emb_text), UNUSED)

<P><STRONG><a name="[36]"></a>strstr</STRONG> (Thumb, 36 bytes, Stack size 12 bytes, strstr.o(.text))
<BR><BR>[Stack]<UL><LI>Max Depth = 12<LI>Call Chain = strstr
</UL>
<BR>[Called By]<UL><LI><a href="#[5]">&gt;&gt;</a>&nbsp;&nbsp;&nbsp;UARTIntHandlerHMI
</UL>

<P><STRONG><a name="[4e]"></a>__aeabi_uidiv</STRONG> (Thumb, 0 bytes, Stack size 12 bytes, uidiv.o(.text), UNUSED)

<P><STRONG><a name="[3e]"></a>__aeabi_uidivmod</STRONG> (Thumb, 44 bytes, Stack size 12 bytes, uidiv.o(.text), UNUSED)
<BR><BR>[Called By]<UL><LI><a href="#[3d]">&gt;&gt;</a>&nbsp;&nbsp;&nbsp;_printf_core
</UL>

<P><STRONG><a name="[c]"></a>__scatterload</STRONG> (Thumb, 28 bytes, Stack size 0 bytes, init.o(.text))
<BR><BR>[Calls]<UL><LI><a href="#[e]">&gt;&gt;</a>&nbsp;&nbsp;&nbsp;__main_after_scatterload
</UL>
<BR>[Called By]<UL><LI><a href="#[b]">&gt;&gt;</a>&nbsp;&nbsp;&nbsp;_main_scatterload
</UL>

<P><STRONG><a name="[4f]"></a>__scatterload_rt2</STRONG> (Thumb, 0 bytes, Stack size 0 bytes, init.o(.text), UNUSED)

<P><STRONG><a name="[11]"></a>ADCIntStatus</STRONG> (Thumb, 52 bytes, Stack size 0 bytes, adc.o(i.ADCIntStatus))
<BR><BR>[Called By]<UL><LI><a href="#[13]">&gt;&gt;</a>&nbsp;&nbsp;&nbsp;AnalogReadGas
<LI><a href="#[f]">&gt;&gt;</a>&nbsp;&nbsp;&nbsp;AnalogReadEarth
</UL>

<P><STRONG><a name="[10]"></a>ADCProcessorTrigger</STRONG> (Thumb, 26 bytes, Stack size 0 bytes, adc.o(i.ADCProcessorTrigger))
<BR><BR>[Called By]<UL><LI><a href="#[13]">&gt;&gt;</a>&nbsp;&nbsp;&nbsp;AnalogReadGas
<LI><a href="#[f]">&gt;&gt;</a>&nbsp;&nbsp;&nbsp;AnalogReadEarth
</UL>

<P><STRONG><a name="[29]"></a>ADCSequenceConfigure</STRONG> (Thumb, 98 bytes, Stack size 8 bytes, adc.o(i.ADCSequenceConfigure))
<BR><BR>[Stack]<UL><LI>Max Depth = 8<LI>Call Chain = ADCSequenceConfigure
</UL>
<BR>[Called By]<UL><LI><a href="#[31]">&gt;&gt;</a>&nbsp;&nbsp;&nbsp;ToprakSensoru_Conf_Setup
<LI><a href="#[28]">&gt;&gt;</a>&nbsp;&nbsp;&nbsp;MQ135_CONF_SETUP
</UL>

<P><STRONG><a name="[12]"></a>ADCSequenceDataGet</STRONG> (Thumb, 36 bytes, Stack size 0 bytes, adc.o(i.ADCSequenceDataGet))
<BR><BR>[Called By]<UL><LI><a href="#[13]">&gt;&gt;</a>&nbsp;&nbsp;&nbsp;AnalogReadGas
<LI><a href="#[f]">&gt;&gt;</a>&nbsp;&nbsp;&nbsp;AnalogReadEarth
</UL>

<P><STRONG><a name="[2b]"></a>ADCSequenceEnable</STRONG> (Thumb, 14 bytes, Stack size 0 bytes, adc.o(i.ADCSequenceEnable))
<BR><BR>[Called By]<UL><LI><a href="#[31]">&gt;&gt;</a>&nbsp;&nbsp;&nbsp;ToprakSensoru_Conf_Setup
<LI><a href="#[28]">&gt;&gt;</a>&nbsp;&nbsp;&nbsp;MQ135_CONF_SETUP
</UL>

<P><STRONG><a name="[2a]"></a>ADCSequenceStepConfigure</STRONG> (Thumb, 154 bytes, Stack size 4 bytes, adc.o(i.ADCSequenceStepConfigure))
<BR><BR>[Stack]<UL><LI>Max Depth = 4<LI>Call Chain = ADCSequenceStepConfigure
</UL>
<BR>[Called By]<UL><LI><a href="#[31]">&gt;&gt;</a>&nbsp;&nbsp;&nbsp;ToprakSensoru_Conf_Setup
<LI><a href="#[28]">&gt;&gt;</a>&nbsp;&nbsp;&nbsp;MQ135_CONF_SETUP
</UL>

<P><STRONG><a name="[f]"></a>AnalogReadEarth</STRONG> (Thumb, 44 bytes, Stack size 16 bytes, blinky.o(i.AnalogReadEarth))
<BR><BR>[Stack]<UL><LI>Max Depth = 16<LI>Call Chain = AnalogReadEarth
</UL>
<BR>[Calls]<UL><LI><a href="#[12]">&gt;&gt;</a>&nbsp;&nbsp;&nbsp;ADCSequenceDataGet
<LI><a href="#[10]">&gt;&gt;</a>&nbsp;&nbsp;&nbsp;ADCProcessorTrigger
<LI><a href="#[11]">&gt;&gt;</a>&nbsp;&nbsp;&nbsp;ADCIntStatus
</UL>
<BR>[Called By]<UL><LI><a href="#[7]">&gt;&gt;</a>&nbsp;&nbsp;&nbsp;main
</UL>

<P><STRONG><a name="[13]"></a>AnalogReadGas</STRONG> (Thumb, 44 bytes, Stack size 16 bytes, blinky.o(i.AnalogReadGas))
<BR><BR>[Stack]<UL><LI>Max Depth = 16<LI>Call Chain = AnalogReadGas
</UL>
<BR>[Calls]<UL><LI><a href="#[12]">&gt;&gt;</a>&nbsp;&nbsp;&nbsp;ADCSequenceDataGet
<LI><a href="#[10]">&gt;&gt;</a>&nbsp;&nbsp;&nbsp;ADCProcessorTrigger
<LI><a href="#[11]">&gt;&gt;</a>&nbsp;&nbsp;&nbsp;ADCIntStatus
</UL>
<BR>[Called By]<UL><LI><a href="#[7]">&gt;&gt;</a>&nbsp;&nbsp;&nbsp;main
</UL>

<P><STRONG><a name="[40]"></a>EarthHumFilter</STRONG> (Thumb, 40 bytes, Stack size 0 bytes, blinky.o(i.EarthHumFilter))
<BR><BR>[Called By]<UL><LI><a href="#[7]">&gt;&gt;</a>&nbsp;&nbsp;&nbsp;main
</UL>

<P><STRONG><a name="[14]"></a>FAN_SET</STRONG> (Thumb, 30 bytes, Stack size 8 bytes, blinky.o(i.FAN_SET))
<BR><BR>[Stack]<UL><LI>Max Depth = 8<LI>Call Chain = FAN_SET
</UL>
<BR>[Calls]<UL><LI><a href="#[15]">&gt;&gt;</a>&nbsp;&nbsp;&nbsp;SysCtlPeripheralEnable
<LI><a href="#[16]">&gt;&gt;</a>&nbsp;&nbsp;&nbsp;GPIOPinWrite
</UL>
<BR>[Called By]<UL><LI><a href="#[7]">&gt;&gt;</a>&nbsp;&nbsp;&nbsp;main
</UL>

<P><STRONG><a name="[18]"></a>GPIODirModeSet</STRONG> (Thumb, 40 bytes, Stack size 0 bytes, gpio.o(i.GPIODirModeSet))
<BR><BR>[Called By]<UL><LI><a href="#[1b]">&gt;&gt;</a>&nbsp;&nbsp;&nbsp;GPIOPinTypeUART
<LI><a href="#[1a]">&gt;&gt;</a>&nbsp;&nbsp;&nbsp;GPIOPinTypeGPIOOutput
<LI><a href="#[17]">&gt;&gt;</a>&nbsp;&nbsp;&nbsp;GPIOPinTypeADC
</UL>

<P><STRONG><a name="[19]"></a>GPIOPadConfigSet</STRONG> (Thumb, 312 bytes, Stack size 24 bytes, gpio.o(i.GPIOPadConfigSet))
<BR><BR>[Stack]<UL><LI>Max Depth = 24<LI>Call Chain = GPIOPadConfigSet
</UL>
<BR>[Called By]<UL><LI><a href="#[1b]">&gt;&gt;</a>&nbsp;&nbsp;&nbsp;GPIOPinTypeUART
<LI><a href="#[1a]">&gt;&gt;</a>&nbsp;&nbsp;&nbsp;GPIOPinTypeGPIOOutput
<LI><a href="#[17]">&gt;&gt;</a>&nbsp;&nbsp;&nbsp;GPIOPinTypeADC
</UL>

<P><STRONG><a name="[1d]"></a>GPIOPinConfigure</STRONG> (Thumb, 60 bytes, Stack size 0 bytes, gpio.o(i.GPIOPinConfigure))
<BR><BR>[Called By]<UL><LI><a href="#[3a]">&gt;&gt;</a>&nbsp;&nbsp;&nbsp;USB_UART_CONFIGURE_SETUP
<LI><a href="#[39]">&gt;&gt;</a>&nbsp;&nbsp;&nbsp;UNO_TIVA_UART_CONFIGURE_SETUP
<LI><a href="#[1c]">&gt;&gt;</a>&nbsp;&nbsp;&nbsp;HMI_UART_CONFIGURE_SETUP
</UL>

<P><STRONG><a name="[17]"></a>GPIOPinTypeADC</STRONG> (Thumb, 28 bytes, Stack size 12 bytes, gpio.o(i.GPIOPinTypeADC))
<BR><BR>[Stack]<UL><LI>Max Depth = 36<LI>Call Chain = GPIOPinTypeADC &rArr; GPIOPadConfigSet
</UL>
<BR>[Calls]<UL><LI><a href="#[19]">&gt;&gt;</a>&nbsp;&nbsp;&nbsp;GPIOPadConfigSet
<LI><a href="#[18]">&gt;&gt;</a>&nbsp;&nbsp;&nbsp;GPIODirModeSet
</UL>
<BR>[Called By]<UL><LI><a href="#[31]">&gt;&gt;</a>&nbsp;&nbsp;&nbsp;ToprakSensoru_Conf_Setup
<LI><a href="#[28]">&gt;&gt;</a>&nbsp;&nbsp;&nbsp;MQ135_CONF_SETUP
</UL>

<P><STRONG><a name="[1a]"></a>GPIOPinTypeGPIOOutput</STRONG> (Thumb, 28 bytes, Stack size 12 bytes, gpio.o(i.GPIOPinTypeGPIOOutput))
<BR><BR>[Stack]<UL><LI>Max Depth = 36<LI>Call Chain = GPIOPinTypeGPIOOutput &rArr; GPIOPadConfigSet
</UL>
<BR>[Calls]<UL><LI><a href="#[19]">&gt;&gt;</a>&nbsp;&nbsp;&nbsp;GPIOPadConfigSet
<LI><a href="#[18]">&gt;&gt;</a>&nbsp;&nbsp;&nbsp;GPIODirModeSet
</UL>
<BR>[Called By]<UL><LI><a href="#[2c]">&gt;&gt;</a>&nbsp;&nbsp;&nbsp;RELAY_SETUP
</UL>

<P><STRONG><a name="[1b]"></a>GPIOPinTypeUART</STRONG> (Thumb, 28 bytes, Stack size 12 bytes, gpio.o(i.GPIOPinTypeUART))
<BR><BR>[Stack]<UL><LI>Max Depth = 36<LI>Call Chain = GPIOPinTypeUART &rArr; GPIOPadConfigSet
</UL>
<BR>[Calls]<UL><LI><a href="#[19]">&gt;&gt;</a>&nbsp;&nbsp;&nbsp;GPIOPadConfigSet
<LI><a href="#[18]">&gt;&gt;</a>&nbsp;&nbsp;&nbsp;GPIODirModeSet
</UL>
<BR>[Called By]<UL><LI><a href="#[3a]">&gt;&gt;</a>&nbsp;&nbsp;&nbsp;USB_UART_CONFIGURE_SETUP
<LI><a href="#[39]">&gt;&gt;</a>&nbsp;&nbsp;&nbsp;UNO_TIVA_UART_CONFIGURE_SETUP
<LI><a href="#[1c]">&gt;&gt;</a>&nbsp;&nbsp;&nbsp;HMI_UART_CONFIGURE_SETUP
</UL>

<P><STRONG><a name="[16]"></a>GPIOPinWrite</STRONG> (Thumb, 6 bytes, Stack size 0 bytes, gpio.o(i.GPIOPinWrite))
<BR><BR>[Called By]<UL><LI><a href="#[2c]">&gt;&gt;</a>&nbsp;&nbsp;&nbsp;RELAY_SETUP
<LI><a href="#[27]">&gt;&gt;</a>&nbsp;&nbsp;&nbsp;MOTOR_SET
<LI><a href="#[25]">&gt;&gt;</a>&nbsp;&nbsp;&nbsp;ISITICI_SET
<LI><a href="#[14]">&gt;&gt;</a>&nbsp;&nbsp;&nbsp;FAN_SET
</UL>

<P><STRONG><a name="[1c]"></a>HMI_UART_CONFIGURE_SETUP</STRONG> (Thumb, 58 bytes, Stack size 8 bytes, blinky.o(i.HMI_UART_CONFIGURE_SETUP))
<BR><BR>[Stack]<UL><LI>Max Depth = 44<LI>Call Chain = HMI_UART_CONFIGURE_SETUP &rArr; GPIOPinTypeUART &rArr; GPIOPadConfigSet
</UL>
<BR>[Calls]<UL><LI><a href="#[1f]">&gt;&gt;</a>&nbsp;&nbsp;&nbsp;UARTConfigSetExpClk
<LI><a href="#[15]">&gt;&gt;</a>&nbsp;&nbsp;&nbsp;SysCtlPeripheralEnable
<LI><a href="#[1e]">&gt;&gt;</a>&nbsp;&nbsp;&nbsp;SysCtlClockGet
<LI><a href="#[1b]">&gt;&gt;</a>&nbsp;&nbsp;&nbsp;GPIOPinTypeUART
<LI><a href="#[1d]">&gt;&gt;</a>&nbsp;&nbsp;&nbsp;GPIOPinConfigure
</UL>
<BR>[Called By]<UL><LI><a href="#[7]">&gt;&gt;</a>&nbsp;&nbsp;&nbsp;main
</UL>

<P><STRONG><a name="[20]"></a>HMI_UART_INT_CONFIGURE_SETUP</STRONG> (Thumb, 32 bytes, Stack size 8 bytes, blinky.o(i.HMI_UART_INT_CONFIGURE_SETUP))
<BR><BR>[Stack]<UL><LI>Max Depth = 16<LI>Call Chain = HMI_UART_INT_CONFIGURE_SETUP &rArr; IntMasterEnable
</UL>
<BR>[Calls]<UL><LI><a href="#[24]">&gt;&gt;</a>&nbsp;&nbsp;&nbsp;UARTIntEnable
<LI><a href="#[21]">&gt;&gt;</a>&nbsp;&nbsp;&nbsp;UARTEnable
<LI><a href="#[22]">&gt;&gt;</a>&nbsp;&nbsp;&nbsp;IntMasterEnable
<LI><a href="#[23]">&gt;&gt;</a>&nbsp;&nbsp;&nbsp;IntEnable
</UL>
<BR>[Called By]<UL><LI><a href="#[7]">&gt;&gt;</a>&nbsp;&nbsp;&nbsp;main
</UL>

<P><STRONG><a name="[25]"></a>ISITICI_SET</STRONG> (Thumb, 30 bytes, Stack size 8 bytes, blinky.o(i.ISITICI_SET))
<BR><BR>[Stack]<UL><LI>Max Depth = 8<LI>Call Chain = ISITICI_SET
</UL>
<BR>[Calls]<UL><LI><a href="#[15]">&gt;&gt;</a>&nbsp;&nbsp;&nbsp;SysCtlPeripheralEnable
<LI><a href="#[16]">&gt;&gt;</a>&nbsp;&nbsp;&nbsp;GPIOPinWrite
</UL>
<BR>[Called By]<UL><LI><a href="#[7]">&gt;&gt;</a>&nbsp;&nbsp;&nbsp;main
</UL>

<P><STRONG><a name="[23]"></a>IntEnable</STRONG> (Thumb, 92 bytes, Stack size 0 bytes, interrupt.o(i.IntEnable))
<BR><BR>[Called By]<UL><LI><a href="#[3b]">&gt;&gt;</a>&nbsp;&nbsp;&nbsp;USB_UART_INT_CONFIGURE_SETUP
<LI><a href="#[38]">&gt;&gt;</a>&nbsp;&nbsp;&nbsp;UNO_TIVA_INT_CONFIGURE_SETUP
<LI><a href="#[20]">&gt;&gt;</a>&nbsp;&nbsp;&nbsp;HMI_UART_INT_CONFIGURE_SETUP
</UL>

<P><STRONG><a name="[22]"></a>IntMasterEnable</STRONG> (Thumb, 14 bytes, Stack size 8 bytes, interrupt.o(i.IntMasterEnable))
<BR><BR>[Stack]<UL><LI>Max Depth = 8<LI>Call Chain = IntMasterEnable
</UL>
<BR>[Calls]<UL><LI><a href="#[26]">&gt;&gt;</a>&nbsp;&nbsp;&nbsp;CPUcpsie
</UL>
<BR>[Called By]<UL><LI><a href="#[3b]">&gt;&gt;</a>&nbsp;&nbsp;&nbsp;USB_UART_INT_CONFIGURE_SETUP
<LI><a href="#[38]">&gt;&gt;</a>&nbsp;&nbsp;&nbsp;UNO_TIVA_INT_CONFIGURE_SETUP
<LI><a href="#[20]">&gt;&gt;</a>&nbsp;&nbsp;&nbsp;HMI_UART_INT_CONFIGURE_SETUP
</UL>

<P><STRONG><a name="[27]"></a>MOTOR_SET</STRONG> (Thumb, 20 bytes, Stack size 0 bytes, blinky.o(i.MOTOR_SET))
<BR><BR>[Calls]<UL><LI><a href="#[16]">&gt;&gt;</a>&nbsp;&nbsp;&nbsp;GPIOPinWrite
</UL>
<BR>[Called By]<UL><LI><a href="#[7]">&gt;&gt;</a>&nbsp;&nbsp;&nbsp;main
</UL>

<P><STRONG><a name="[28]"></a>MQ135_CONF_SETUP</STRONG> (Thumb, 60 bytes, Stack size 8 bytes, blinky.o(i.MQ135_CONF_SETUP))
<BR><BR>[Stack]<UL><LI>Max Depth = 44<LI>Call Chain = MQ135_CONF_SETUP &rArr; GPIOPinTypeADC &rArr; GPIOPadConfigSet
</UL>
<BR>[Calls]<UL><LI><a href="#[15]">&gt;&gt;</a>&nbsp;&nbsp;&nbsp;SysCtlPeripheralEnable
<LI><a href="#[17]">&gt;&gt;</a>&nbsp;&nbsp;&nbsp;GPIOPinTypeADC
<LI><a href="#[2a]">&gt;&gt;</a>&nbsp;&nbsp;&nbsp;ADCSequenceStepConfigure
<LI><a href="#[2b]">&gt;&gt;</a>&nbsp;&nbsp;&nbsp;ADCSequenceEnable
<LI><a href="#[29]">&gt;&gt;</a>&nbsp;&nbsp;&nbsp;ADCSequenceConfigure
</UL>
<BR>[Called By]<UL><LI><a href="#[7]">&gt;&gt;</a>&nbsp;&nbsp;&nbsp;main
</UL>

<P><STRONG><a name="[42]"></a>NumericPanel</STRONG> (Thumb, 906 bytes, Stack size 0 bytes, blinky.o(i.NumericPanel))
<BR><BR>[Called By]<UL><LI><a href="#[7]">&gt;&gt;</a>&nbsp;&nbsp;&nbsp;main
</UL>

<P><STRONG><a name="[3f]"></a>QualityFilter</STRONG> (Thumb, 40 bytes, Stack size 0 bytes, blinky.o(i.QualityFilter))
<BR><BR>[Called By]<UL><LI><a href="#[7]">&gt;&gt;</a>&nbsp;&nbsp;&nbsp;main
</UL>

<P><STRONG><a name="[2c]"></a>RELAY_SETUP</STRONG> (Thumb, 74 bytes, Stack size 8 bytes, blinky.o(i.RELAY_SETUP))
<BR><BR>[Stack]<UL><LI>Max Depth = 44<LI>Call Chain = RELAY_SETUP &rArr; GPIOPinTypeGPIOOutput &rArr; GPIOPadConfigSet
</UL>
<BR>[Calls]<UL><LI><a href="#[15]">&gt;&gt;</a>&nbsp;&nbsp;&nbsp;SysCtlPeripheralEnable
<LI><a href="#[16]">&gt;&gt;</a>&nbsp;&nbsp;&nbsp;GPIOPinWrite
<LI><a href="#[1a]">&gt;&gt;</a>&nbsp;&nbsp;&nbsp;GPIOPinTypeGPIOOutput
</UL>
<BR>[Called By]<UL><LI><a href="#[7]">&gt;&gt;</a>&nbsp;&nbsp;&nbsp;main
</UL>

<P><STRONG><a name="[2d]"></a>SendUartString</STRONG> (Thumb, 38 bytes, Stack size 16 bytes, blinky.o(i.SendUartString))
<BR><BR>[Stack]<UL><LI>Max Depth = 16<LI>Call Chain = SendUartString
</UL>
<BR>[Calls]<UL><LI><a href="#[2e]">&gt;&gt;</a>&nbsp;&nbsp;&nbsp;UARTSpaceAvail
<LI><a href="#[2f]">&gt;&gt;</a>&nbsp;&nbsp;&nbsp;UARTCharPutNonBlocking
</UL>
<BR>[Called By]<UL><LI><a href="#[7]">&gt;&gt;</a>&nbsp;&nbsp;&nbsp;main
</UL>

<P><STRONG><a name="[1e]"></a>SysCtlClockGet</STRONG> (Thumb, 304 bytes, Stack size 12 bytes, sysctl.o(i.SysCtlClockGet))
<BR><BR>[Stack]<UL><LI>Max Depth = 12<LI>Call Chain = SysCtlClockGet
</UL>
<BR>[Called By]<UL><LI><a href="#[7]">&gt;&gt;</a>&nbsp;&nbsp;&nbsp;main
<LI><a href="#[3a]">&gt;&gt;</a>&nbsp;&nbsp;&nbsp;USB_UART_CONFIGURE_SETUP
<LI><a href="#[39]">&gt;&gt;</a>&nbsp;&nbsp;&nbsp;UNO_TIVA_UART_CONFIGURE_SETUP
<LI><a href="#[1c]">&gt;&gt;</a>&nbsp;&nbsp;&nbsp;HMI_UART_CONFIGURE_SETUP
</UL>

<P><STRONG><a name="[30]"></a>SysCtlClockSet</STRONG> (Thumb, 270 bytes, Stack size 8 bytes, sysctl.o(i.SysCtlClockSet))
<BR><BR>[Stack]<UL><LI>Max Depth = 8<LI>Call Chain = SysCtlClockSet
</UL>
<BR>[Calls]<UL><LI><a href="#[d]">&gt;&gt;</a>&nbsp;&nbsp;&nbsp;SysCtlDelay
</UL>
<BR>[Called By]<UL><LI><a href="#[7]">&gt;&gt;</a>&nbsp;&nbsp;&nbsp;main
</UL>

<P><STRONG><a name="[15]"></a>SysCtlPeripheralEnable</STRONG> (Thumb, 36 bytes, Stack size 0 bytes, sysctl.o(i.SysCtlPeripheralEnable))
<BR><BR>[Called By]<UL><LI><a href="#[3a]">&gt;&gt;</a>&nbsp;&nbsp;&nbsp;USB_UART_CONFIGURE_SETUP
<LI><a href="#[39]">&gt;&gt;</a>&nbsp;&nbsp;&nbsp;UNO_TIVA_UART_CONFIGURE_SETUP
<LI><a href="#[31]">&gt;&gt;</a>&nbsp;&nbsp;&nbsp;ToprakSensoru_Conf_Setup
<LI><a href="#[2c]">&gt;&gt;</a>&nbsp;&nbsp;&nbsp;RELAY_SETUP
<LI><a href="#[28]">&gt;&gt;</a>&nbsp;&nbsp;&nbsp;MQ135_CONF_SETUP
<LI><a href="#[25]">&gt;&gt;</a>&nbsp;&nbsp;&nbsp;ISITICI_SET
<LI><a href="#[1c]">&gt;&gt;</a>&nbsp;&nbsp;&nbsp;HMI_UART_CONFIGURE_SETUP
<LI><a href="#[14]">&gt;&gt;</a>&nbsp;&nbsp;&nbsp;FAN_SET
</UL>

<P><STRONG><a name="[31]"></a>ToprakSensoru_Conf_Setup</STRONG> (Thumb, 60 bytes, Stack size 8 bytes, blinky.o(i.ToprakSensoru_Conf_Setup))
<BR><BR>[Stack]<UL><LI>Max Depth = 44<LI>Call Chain = ToprakSensoru_Conf_Setup &rArr; GPIOPinTypeADC &rArr; GPIOPadConfigSet
</UL>
<BR>[Calls]<UL><LI><a href="#[15]">&gt;&gt;</a>&nbsp;&nbsp;&nbsp;SysCtlPeripheralEnable
<LI><a href="#[17]">&gt;&gt;</a>&nbsp;&nbsp;&nbsp;GPIOPinTypeADC
<LI><a href="#[2a]">&gt;&gt;</a>&nbsp;&nbsp;&nbsp;ADCSequenceStepConfigure
<LI><a href="#[2b]">&gt;&gt;</a>&nbsp;&nbsp;&nbsp;ADCSequenceEnable
<LI><a href="#[29]">&gt;&gt;</a>&nbsp;&nbsp;&nbsp;ADCSequenceConfigure
</UL>
<BR>[Called By]<UL><LI><a href="#[7]">&gt;&gt;</a>&nbsp;&nbsp;&nbsp;main
</UL>

<P><STRONG><a name="[32]"></a>UARTCharGet</STRONG> (Thumb, 12 bytes, Stack size 0 bytes, uart.o(i.UARTCharGet))
<BR><BR>[Calls]<UL><LI><a href="#[32]">&gt;&gt;</a>&nbsp;&nbsp;&nbsp;UARTCharGet
</UL>
<BR>[Called By]<UL><LI><a href="#[32]">&gt;&gt;</a>&nbsp;&nbsp;&nbsp;UARTCharGet
<LI><a href="#[4]">&gt;&gt;</a>&nbsp;&nbsp;&nbsp;UARTIntHandlerUSB
<LI><a href="#[6]">&gt;&gt;</a>&nbsp;&nbsp;&nbsp;UARTIntHandlerUNO
</UL>

<P><STRONG><a name="[35]"></a>UARTCharGetNonBlocking</STRONG> (Thumb, 16 bytes, Stack size 0 bytes, uart.o(i.UARTCharGetNonBlocking))
<BR><BR>[Called By]<UL><LI><a href="#[5]">&gt;&gt;</a>&nbsp;&nbsp;&nbsp;UARTIntHandlerHMI
</UL>

<P><STRONG><a name="[2f]"></a>UARTCharPutNonBlocking</STRONG> (Thumb, 16 bytes, Stack size 0 bytes, uart.o(i.UARTCharPutNonBlocking))
<BR><BR>[Called By]<UL><LI><a href="#[2d]">&gt;&gt;</a>&nbsp;&nbsp;&nbsp;SendUartString
</UL>

<P><STRONG><a name="[37]"></a>UARTCharsAvail</STRONG> (Thumb, 10 bytes, Stack size 0 bytes, uart.o(i.UARTCharsAvail))
<BR><BR>[Called By]<UL><LI><a href="#[5]">&gt;&gt;</a>&nbsp;&nbsp;&nbsp;UARTIntHandlerHMI
</UL>

<P><STRONG><a name="[1f]"></a>UARTConfigSetExpClk</STRONG> (Thumb, 110 bytes, Stack size 0 bytes, uart.o(i.UARTConfigSetExpClk))
<BR><BR>[Calls]<UL><LI><a href="#[1f]">&gt;&gt;</a>&nbsp;&nbsp;&nbsp;UARTConfigSetExpClk
</UL>
<BR>[Called By]<UL><LI><a href="#[1f]">&gt;&gt;</a>&nbsp;&nbsp;&nbsp;UARTConfigSetExpClk
<LI><a href="#[3a]">&gt;&gt;</a>&nbsp;&nbsp;&nbsp;USB_UART_CONFIGURE_SETUP
<LI><a href="#[39]">&gt;&gt;</a>&nbsp;&nbsp;&nbsp;UNO_TIVA_UART_CONFIGURE_SETUP
<LI><a href="#[1c]">&gt;&gt;</a>&nbsp;&nbsp;&nbsp;HMI_UART_CONFIGURE_SETUP
</UL>

<P><STRONG><a name="[21]"></a>UARTEnable</STRONG> (Thumb, 20 bytes, Stack size 0 bytes, uart.o(i.UARTEnable))
<BR><BR>[Called By]<UL><LI><a href="#[38]">&gt;&gt;</a>&nbsp;&nbsp;&nbsp;UNO_TIVA_INT_CONFIGURE_SETUP
<LI><a href="#[20]">&gt;&gt;</a>&nbsp;&nbsp;&nbsp;HMI_UART_INT_CONFIGURE_SETUP
</UL>

<P><STRONG><a name="[34]"></a>UARTIntClear</STRONG> (Thumb, 4 bytes, Stack size 0 bytes, uart.o(i.UARTIntClear))
<BR><BR>[Called By]<UL><LI><a href="#[4]">&gt;&gt;</a>&nbsp;&nbsp;&nbsp;UARTIntHandlerUSB
<LI><a href="#[6]">&gt;&gt;</a>&nbsp;&nbsp;&nbsp;UARTIntHandlerUNO
<LI><a href="#[5]">&gt;&gt;</a>&nbsp;&nbsp;&nbsp;UARTIntHandlerHMI
</UL>

<P><STRONG><a name="[24]"></a>UARTIntEnable</STRONG> (Thumb, 8 bytes, Stack size 0 bytes, uart.o(i.UARTIntEnable))
<BR><BR>[Called By]<UL><LI><a href="#[3b]">&gt;&gt;</a>&nbsp;&nbsp;&nbsp;USB_UART_INT_CONFIGURE_SETUP
<LI><a href="#[38]">&gt;&gt;</a>&nbsp;&nbsp;&nbsp;UNO_TIVA_INT_CONFIGURE_SETUP
<LI><a href="#[20]">&gt;&gt;</a>&nbsp;&nbsp;&nbsp;HMI_UART_INT_CONFIGURE_SETUP
</UL>

<P><STRONG><a name="[5]"></a>UARTIntHandlerHMI</STRONG> (Thumb, 302 bytes, Stack size 32 bytes, blinky.o(i.UARTIntHandlerHMI))
<BR><BR>[Stack]<UL><LI>Max Depth = 44<LI>Call Chain = UARTIntHandlerHMI &rArr; strstr
</UL>
<BR>[Calls]<UL><LI><a href="#[33]">&gt;&gt;</a>&nbsp;&nbsp;&nbsp;UARTIntStatus
<LI><a href="#[34]">&gt;&gt;</a>&nbsp;&nbsp;&nbsp;UARTIntClear
<LI><a href="#[37]">&gt;&gt;</a>&nbsp;&nbsp;&nbsp;UARTCharsAvail
<LI><a href="#[35]">&gt;&gt;</a>&nbsp;&nbsp;&nbsp;UARTCharGetNonBlocking
<LI><a href="#[36]">&gt;&gt;</a>&nbsp;&nbsp;&nbsp;strstr
</UL>
<BR>[Address Reference Count : 1]<UL><LI> startup_rvmdk.o(RESET)
</UL>
<P><STRONG><a name="[6]"></a>UARTIntHandlerUNO</STRONG> (Thumb, 122 bytes, Stack size 24 bytes, blinky.o(i.UARTIntHandlerUNO))
<BR><BR>[Stack]<UL><LI>Max Depth = 24<LI>Call Chain = UARTIntHandlerUNO
</UL>
<BR>[Calls]<UL><LI><a href="#[33]">&gt;&gt;</a>&nbsp;&nbsp;&nbsp;UARTIntStatus
<LI><a href="#[34]">&gt;&gt;</a>&nbsp;&nbsp;&nbsp;UARTIntClear
<LI><a href="#[32]">&gt;&gt;</a>&nbsp;&nbsp;&nbsp;UARTCharGet
</UL>
<BR>[Address Reference Count : 1]<UL><LI> startup_rvmdk.o(RESET)
</UL>
<P><STRONG><a name="[4]"></a>UARTIntHandlerUSB</STRONG> (Thumb, 60 bytes, Stack size 8 bytes, blinky.o(i.UARTIntHandlerUSB))
<BR><BR>[Stack]<UL><LI>Max Depth = 8<LI>Call Chain = UARTIntHandlerUSB
</UL>
<BR>[Calls]<UL><LI><a href="#[33]">&gt;&gt;</a>&nbsp;&nbsp;&nbsp;UARTIntStatus
<LI><a href="#[34]">&gt;&gt;</a>&nbsp;&nbsp;&nbsp;UARTIntClear
<LI><a href="#[32]">&gt;&gt;</a>&nbsp;&nbsp;&nbsp;UARTCharGet
</UL>
<BR>[Address Reference Count : 1]<UL><LI> startup_rvmdk.o(RESET)
</UL>
<P><STRONG><a name="[33]"></a>UARTIntStatus</STRONG> (Thumb, 10 bytes, Stack size 0 bytes, uart.o(i.UARTIntStatus))
<BR><BR>[Called By]<UL><LI><a href="#[4]">&gt;&gt;</a>&nbsp;&nbsp;&nbsp;UARTIntHandlerUSB
<LI><a href="#[6]">&gt;&gt;</a>&nbsp;&nbsp;&nbsp;UARTIntHandlerUNO
<LI><a href="#[5]">&gt;&gt;</a>&nbsp;&nbsp;&nbsp;UARTIntHandlerHMI
</UL>

<P><STRONG><a name="[2e]"></a>UARTSpaceAvail</STRONG> (Thumb, 10 bytes, Stack size 0 bytes, uart.o(i.UARTSpaceAvail))
<BR><BR>[Called By]<UL><LI><a href="#[2d]">&gt;&gt;</a>&nbsp;&nbsp;&nbsp;SendUartString
</UL>

<P><STRONG><a name="[38]"></a>UNO_TIVA_INT_CONFIGURE_SETUP</STRONG> (Thumb, 32 bytes, Stack size 8 bytes, blinky.o(i.UNO_TIVA_INT_CONFIGURE_SETUP))
<BR><BR>[Stack]<UL><LI>Max Depth = 16<LI>Call Chain = UNO_TIVA_INT_CONFIGURE_SETUP &rArr; IntMasterEnable
</UL>
<BR>[Calls]<UL><LI><a href="#[24]">&gt;&gt;</a>&nbsp;&nbsp;&nbsp;UARTIntEnable
<LI><a href="#[21]">&gt;&gt;</a>&nbsp;&nbsp;&nbsp;UARTEnable
<LI><a href="#[22]">&gt;&gt;</a>&nbsp;&nbsp;&nbsp;IntMasterEnable
<LI><a href="#[23]">&gt;&gt;</a>&nbsp;&nbsp;&nbsp;IntEnable
</UL>
<BR>[Called By]<UL><LI><a href="#[7]">&gt;&gt;</a>&nbsp;&nbsp;&nbsp;main
</UL>

<P><STRONG><a name="[39]"></a>UNO_TIVA_UART_CONFIGURE_SETUP</STRONG> (Thumb, 56 bytes, Stack size 8 bytes, blinky.o(i.UNO_TIVA_UART_CONFIGURE_SETUP))
<BR><BR>[Stack]<UL><LI>Max Depth = 44<LI>Call Chain = UNO_TIVA_UART_CONFIGURE_SETUP &rArr; GPIOPinTypeUART &rArr; GPIOPadConfigSet
</UL>
<BR>[Calls]<UL><LI><a href="#[1f]">&gt;&gt;</a>&nbsp;&nbsp;&nbsp;UARTConfigSetExpClk
<LI><a href="#[15]">&gt;&gt;</a>&nbsp;&nbsp;&nbsp;SysCtlPeripheralEnable
<LI><a href="#[1e]">&gt;&gt;</a>&nbsp;&nbsp;&nbsp;SysCtlClockGet
<LI><a href="#[1b]">&gt;&gt;</a>&nbsp;&nbsp;&nbsp;GPIOPinTypeUART
<LI><a href="#[1d]">&gt;&gt;</a>&nbsp;&nbsp;&nbsp;GPIOPinConfigure
</UL>
<BR>[Called By]<UL><LI><a href="#[7]">&gt;&gt;</a>&nbsp;&nbsp;&nbsp;main
</UL>

<P><STRONG><a name="[3a]"></a>USB_UART_CONFIGURE_SETUP</STRONG> (Thumb, 60 bytes, Stack size 8 bytes, blinky.o(i.USB_UART_CONFIGURE_SETUP))
<BR><BR>[Stack]<UL><LI>Max Depth = 44<LI>Call Chain = USB_UART_CONFIGURE_SETUP &rArr; GPIOPinTypeUART &rArr; GPIOPadConfigSet
</UL>
<BR>[Calls]<UL><LI><a href="#[1f]">&gt;&gt;</a>&nbsp;&nbsp;&nbsp;UARTConfigSetExpClk
<LI><a href="#[15]">&gt;&gt;</a>&nbsp;&nbsp;&nbsp;SysCtlPeripheralEnable
<LI><a href="#[1e]">&gt;&gt;</a>&nbsp;&nbsp;&nbsp;SysCtlClockGet
<LI><a href="#[1b]">&gt;&gt;</a>&nbsp;&nbsp;&nbsp;GPIOPinTypeUART
<LI><a href="#[1d]">&gt;&gt;</a>&nbsp;&nbsp;&nbsp;GPIOPinConfigure
</UL>
<BR>[Called By]<UL><LI><a href="#[7]">&gt;&gt;</a>&nbsp;&nbsp;&nbsp;main
</UL>

<P><STRONG><a name="[3b]"></a>USB_UART_INT_CONFIGURE_SETUP</STRONG> (Thumb, 24 bytes, Stack size 8 bytes, blinky.o(i.USB_UART_INT_CONFIGURE_SETUP))
<BR><BR>[Stack]<UL><LI>Max Depth = 16<LI>Call Chain = USB_UART_INT_CONFIGURE_SETUP &rArr; IntMasterEnable
</UL>
<BR>[Calls]<UL><LI><a href="#[24]">&gt;&gt;</a>&nbsp;&nbsp;&nbsp;UARTIntEnable
<LI><a href="#[22]">&gt;&gt;</a>&nbsp;&nbsp;&nbsp;IntMasterEnable
<LI><a href="#[23]">&gt;&gt;</a>&nbsp;&nbsp;&nbsp;IntEnable
</UL>
<BR>[Called By]<UL><LI><a href="#[7]">&gt;&gt;</a>&nbsp;&nbsp;&nbsp;main
</UL>

<P><STRONG><a name="[3c]"></a>__0sprintf$1</STRONG> (Thumb, 34 bytes, Stack size 24 bytes, printf1.o(i.__0sprintf$1), UNUSED)
<BR><BR>[Calls]<UL><LI><a href="#[8]">&gt;&gt;</a>&nbsp;&nbsp;&nbsp;_sputc
<LI><a href="#[3d]">&gt;&gt;</a>&nbsp;&nbsp;&nbsp;_printf_core
</UL>

<P><STRONG><a name="[50]"></a>__1sprintf$1</STRONG> (Thumb, 0 bytes, Stack size 24 bytes, printf1.o(i.__0sprintf$1), UNUSED)

<P><STRONG><a name="[41]"></a>__2sprintf</STRONG> (Thumb, 0 bytes, Stack size 24 bytes, printf1.o(i.__0sprintf$1))
<BR><BR>[Stack]<UL><LI>Max Depth = 24<LI>Call Chain = __2sprintf
</UL>
<BR>[Called By]<UL><LI><a href="#[7]">&gt;&gt;</a>&nbsp;&nbsp;&nbsp;main
</UL>

<P><STRONG><a name="[51]"></a>__scatterload_copy</STRONG> (Thumb, 14 bytes, Stack size unknown bytes, handlers.o(i.__scatterload_copy), UNUSED)

<P><STRONG><a name="[52]"></a>__scatterload_null</STRONG> (Thumb, 2 bytes, Stack size unknown bytes, handlers.o(i.__scatterload_null), UNUSED)

<P><STRONG><a name="[53]"></a>__scatterload_zeroinit</STRONG> (Thumb, 14 bytes, Stack size unknown bytes, handlers.o(i.__scatterload_zeroinit), UNUSED)

<P><STRONG><a name="[7]"></a>main</STRONG> (Thumb, 884 bytes, Stack size 0 bytes, blinky.o(i.main))
<BR><BR>[Stack]<UL><LI>Max Depth = 44<LI>Call Chain = main &rArr; USB_UART_CONFIGURE_SETUP &rArr; GPIOPinTypeUART &rArr; GPIOPadConfigSet
</UL>
<BR>[Calls]<UL><LI><a href="#[30]">&gt;&gt;</a>&nbsp;&nbsp;&nbsp;SysCtlClockSet
<LI><a href="#[1e]">&gt;&gt;</a>&nbsp;&nbsp;&nbsp;SysCtlClockGet
<LI><a href="#[3b]">&gt;&gt;</a>&nbsp;&nbsp;&nbsp;USB_UART_INT_CONFIGURE_SETUP
<LI><a href="#[3a]">&gt;&gt;</a>&nbsp;&nbsp;&nbsp;USB_UART_CONFIGURE_SETUP
<LI><a href="#[39]">&gt;&gt;</a>&nbsp;&nbsp;&nbsp;UNO_TIVA_UART_CONFIGURE_SETUP
<LI><a href="#[38]">&gt;&gt;</a>&nbsp;&nbsp;&nbsp;UNO_TIVA_INT_CONFIGURE_SETUP
<LI><a href="#[31]">&gt;&gt;</a>&nbsp;&nbsp;&nbsp;ToprakSensoru_Conf_Setup
<LI><a href="#[2d]">&gt;&gt;</a>&nbsp;&nbsp;&nbsp;SendUartString
<LI><a href="#[2c]">&gt;&gt;</a>&nbsp;&nbsp;&nbsp;RELAY_SETUP
<LI><a href="#[3f]">&gt;&gt;</a>&nbsp;&nbsp;&nbsp;QualityFilter
<LI><a href="#[42]">&gt;&gt;</a>&nbsp;&nbsp;&nbsp;NumericPanel
<LI><a href="#[28]">&gt;&gt;</a>&nbsp;&nbsp;&nbsp;MQ135_CONF_SETUP
<LI><a href="#[27]">&gt;&gt;</a>&nbsp;&nbsp;&nbsp;MOTOR_SET
<LI><a href="#[25]">&gt;&gt;</a>&nbsp;&nbsp;&nbsp;ISITICI_SET
<LI><a href="#[20]">&gt;&gt;</a>&nbsp;&nbsp;&nbsp;HMI_UART_INT_CONFIGURE_SETUP
<LI><a href="#[1c]">&gt;&gt;</a>&nbsp;&nbsp;&nbsp;HMI_UART_CONFIGURE_SETUP
<LI><a href="#[14]">&gt;&gt;</a>&nbsp;&nbsp;&nbsp;FAN_SET
<LI><a href="#[40]">&gt;&gt;</a>&nbsp;&nbsp;&nbsp;EarthHumFilter
<LI><a href="#[13]">&gt;&gt;</a>&nbsp;&nbsp;&nbsp;AnalogReadGas
<LI><a href="#[f]">&gt;&gt;</a>&nbsp;&nbsp;&nbsp;AnalogReadEarth
<LI><a href="#[41]">&gt;&gt;</a>&nbsp;&nbsp;&nbsp;__2sprintf
</UL>
<BR>[Address Reference Count : 1]<UL><LI> entry9a.o(.ARM.Collect$$$$0000000B)
</UL><P>
<H3>
Local Symbols
</H3>
<P><STRONG><a name="[1]"></a>NmiSR</STRONG> (Thumb, 0 bytes, Stack size unknown bytes, startup_rvmdk.o(RESET))
<BR><BR>[Calls]<UL><LI><a href="#[1]">&gt;&gt;</a>&nbsp;&nbsp;&nbsp;NmiSR
</UL>
<BR>[Called By]<UL><LI><a href="#[1]">&gt;&gt;</a>&nbsp;&nbsp;&nbsp;NmiSR
</UL>
<BR>[Address Reference Count : 1]<UL><LI> startup_rvmdk.o(RESET)
</UL>
<P><STRONG><a name="[2]"></a>FaultISR</STRONG> (Thumb, 0 bytes, Stack size unknown bytes, startup_rvmdk.o(RESET))
<BR><BR>[Calls]<UL><LI><a href="#[2]">&gt;&gt;</a>&nbsp;&nbsp;&nbsp;FaultISR
</UL>
<BR>[Called By]<UL><LI><a href="#[2]">&gt;&gt;</a>&nbsp;&nbsp;&nbsp;FaultISR
</UL>
<BR>[Address Reference Count : 1]<UL><LI> startup_rvmdk.o(RESET)
</UL>
<P><STRONG><a name="[3]"></a>IntDefaultHandler</STRONG> (Thumb, 0 bytes, Stack size unknown bytes, startup_rvmdk.o(RESET))
<BR><BR>[Calls]<UL><LI><a href="#[3]">&gt;&gt;</a>&nbsp;&nbsp;&nbsp;IntDefaultHandler
</UL>
<BR>[Called By]<UL><LI><a href="#[3]">&gt;&gt;</a>&nbsp;&nbsp;&nbsp;IntDefaultHandler
</UL>
<BR>[Address Reference Count : 1]<UL><LI> startup_rvmdk.o(RESET)
</UL>
<P><STRONG><a name="[3d]"></a>_printf_core</STRONG> (Thumb, 336 bytes, Stack size 88 bytes, printf1.o(i._printf_core), UNUSED)
<BR><BR>[Calls]<UL><LI><a href="#[3e]">&gt;&gt;</a>&nbsp;&nbsp;&nbsp;__aeabi_uidivmod
</UL>
<BR>[Called By]<UL><LI><a href="#[3c]">&gt;&gt;</a>&nbsp;&nbsp;&nbsp;__0sprintf$1
</UL>

<P><STRONG><a name="[8]"></a>_sputc</STRONG> (Thumb, 10 bytes, Stack size 0 bytes, printf1.o(i._sputc))
<BR><BR>[Called By]<UL><LI><a href="#[3c]">&gt;&gt;</a>&nbsp;&nbsp;&nbsp;__0sprintf$1
</UL>
<BR>[Address Reference Count : 1]<UL><LI> printf1.o(i.__0sprintf$1)
</UL><P>
<H3>
Undefined Global Symbols
</H3><HR></body></html>
