<html>
<body>
<pre>
<h1>µVision Build Log</h1>
<h2>Tool Versions:</h2>
IDE-Version: µVision V5.23.0.0
Copyright (C) 2017 ARM Ltd and ARM Germany GmbH. All rights reserved.
License Information: Fatih Kahraman, ÝSBAK AÞ, LIC=----
 
Tool Versions:
Toolchain:       MDK-Lite  Version: 5.23
Toolchain Path:  C:\Keil_v5\ARM\ARMCC\Bin
C Compiler:      Armcc.exe V5.06 update 4 (build 422)
Assembler:       Armasm.exe V5.06 update 4 (build 422)
Linker/Locator:  ArmLink.exe V5.06 update 4 (build 422)
Library Manager: ArmAr.exe V5.06 update 4 (build 422)
Hex Converter:   FromElf.exe V5.06 update 4 (build 422)
CPU DLL:         SARMCM3.DLL V5.23
Dialog DLL:      DCM.DLL V1.15.0.0
Target DLL:      lmidk-agdi.dll V???
Dialog DLL:      TCM.DLL V1.27.0.0
 
<h2>Project:</h2>
C:\ti\TivaWare_C_Series-2.1.3.156\examples\boards\ek-tm4c123gxl - Kopya - Kopya\BITIRME PROJESI\blinky.uvprojx
Project File Date:  11/08/2017

<h2>Output:</h2>
*** Using Compiler 'V5.06 update 4 (build 422)', folder: 'C:\Keil_v5\ARM\ARMCC\Bin'
Rebuild target 'blinky'
assembling startup_rvmdk.S...
compiling blinky.c...
linking...
Program Size: Code=6612 RO-data=1424 RW-data=80 ZI-data=928  
After Build - User command #1: fromelf --bin --output .\rvmdk\blinky.bin .\rvmdk\blinky.axf
".\rvmdk\blinky.axf" - 0 Error(s), 0 Warning(s).

<h2>Software Packages used:</h2>

Package Vendor: ARM
                http://www.keil.com/pack/ARM.CMSIS.5.2.0.pack
                ARM::CMSIS:CORE:5.0.2
                CMSIS (Cortex Microcontroller Software Interface Standard)
   * Component: CORE Version: 5.0.2

<h2>Collection of Component include folders:</h2>
  .\RTE\_blinky
  C:\Keil_v5\ARM\PACK\ARM\CMSIS\5.2.0\CMSIS\Include
  C:\Keil_v5\ARM\PACK\Keil\TM4C_DFP\1.1.0\Device\Include\TM4C123

<h2>Collection of Component Files used:</h2>

   * Component: ARM::CMSIS:CORE:5.0.2
Build Time Elapsed:  00:00:01
</pre>
</body>
</html>
